Component: ARM Compiler 5.06 update 7 (build 960) Tool: armlink [4d3601]

==============================================================================

Section Cross References

    system_apm32f4xx.o(i.SystemCoreClockUpdate) refers to system_apm32f4xx.o(.data) for SystemCoreClock
    system_apm32f4xx.o(i.SystemCoreClockUpdate) refers to system_apm32f4xx.o(.constdata) for AHBPrescTable
    startup_apm32f407xx.o(RESET) refers to startup_apm32f407xx.o(STACK) for __initial_sp
    startup_apm32f407xx.o(RESET) refers to startup_apm32f407xx.o(.text) for Reset_Handler
    startup_apm32f407xx.o(RESET) refers to apm32f4xx_int.o(i.NMI_Handler) for NMI_Handler
    startup_apm32f407xx.o(RESET) refers to apm32f4xx_int.o(i.HardFault_Handler) for HardFault_Handler
    startup_apm32f407xx.o(RESET) refers to apm32f4xx_int.o(i.MemManage_Handler) for MemManage_Handler
    startup_apm32f407xx.o(RESET) refers to apm32f4xx_int.o(i.BusFault_Handler) for BusFault_Handler
    startup_apm32f407xx.o(RESET) refers to apm32f4xx_int.o(i.UsageFault_Handler) for UsageFault_Handler
    startup_apm32f407xx.o(RESET) refers to apm32f4xx_int.o(i.SVC_Handler) for SVC_Handler
    startup_apm32f407xx.o(RESET) refers to apm32f4xx_int.o(i.DebugMon_Handler) for DebugMon_Handler
    startup_apm32f407xx.o(RESET) refers to apm32f4xx_int.o(i.PendSV_Handler) for PendSV_Handler
    startup_apm32f407xx.o(RESET) refers to apm32f4xx_int.o(i.SysTick_Handler) for SysTick_Handler
    startup_apm32f407xx.o(.text) refers to system_apm32f4xx.o(i.SystemInit) for SystemInit
    startup_apm32f407xx.o(.text) refers to entry.o(.ARM.Collect$$$$00000000) for __main
    apm32f4xx_dal.o(i.DAL_DeInit) refers to apm32f4xx_dal.o(i.DAL_MspDeInit) for DAL_MspDeInit
    apm32f4xx_dal.o(i.DAL_Delay) refers to apm32f4xx_dal.o(i.DAL_GetTick) for DAL_GetTick
    apm32f4xx_dal.o(i.DAL_Delay) refers to apm32f4xx_dal.o(.data) for uwTickFreq
    apm32f4xx_dal.o(i.DAL_GetTick) refers to apm32f4xx_dal.o(.data) for uwTick
    apm32f4xx_dal.o(i.DAL_GetTickFreq) refers to apm32f4xx_dal.o(.data) for uwTickFreq
    apm32f4xx_dal.o(i.DAL_GetTickPrio) refers to apm32f4xx_dal.o(.data) for uwTickPrio
    apm32f4xx_dal.o(i.DAL_IncTick) refers to apm32f4xx_dal.o(.data) for uwTick
    apm32f4xx_dal.o(i.DAL_Init) refers to apm32f4xx_dal_cortex.o(i.DAL_NVIC_SetPriorityGrouping) for DAL_NVIC_SetPriorityGrouping
    apm32f4xx_dal.o(i.DAL_Init) refers to apm32f4xx_dal.o(i.DAL_InitTick) for DAL_InitTick
    apm32f4xx_dal.o(i.DAL_Init) refers to apm32f4xx_dal.o(i.DAL_MspInit) for DAL_MspInit
    apm32f4xx_dal.o(i.DAL_InitTick) refers to apm32f4xx_dal_cortex.o(i.DAL_SYSTICK_Config) for DAL_SYSTICK_Config
    apm32f4xx_dal.o(i.DAL_InitTick) refers to apm32f4xx_dal_cortex.o(i.DAL_NVIC_SetPriority) for DAL_NVIC_SetPriority
    apm32f4xx_dal.o(i.DAL_InitTick) refers to apm32f4xx_dal.o(.data) for uwTickFreq
    apm32f4xx_dal.o(i.DAL_InitTick) refers to system_apm32f4xx.o(.data) for SystemCoreClock
    apm32f4xx_dal.o(i.DAL_SetTickFreq) refers to apm32f4xx_dal.o(i.DAL_InitTick) for DAL_InitTick
    apm32f4xx_dal.o(i.DAL_SetTickFreq) refers to apm32f4xx_dal.o(.data) for uwTickFreq
    apm32f4xx_dal_cortex.o(i.DAL_NVIC_GetPriorityGrouping) refers to apm32f4xx_dal_cortex.o(i.__NVIC_GetPriorityGrouping) for __NVIC_GetPriorityGrouping
    apm32f4xx_dal_cortex.o(i.DAL_NVIC_SetPriority) refers to apm32f4xx_dal_cortex.o(i.__NVIC_GetPriorityGrouping) for __NVIC_GetPriorityGrouping
    apm32f4xx_dal_cortex.o(i.DAL_NVIC_SetPriority) refers to apm32f4xx_dal_cortex.o(i.__NVIC_SetPriority) for __NVIC_SetPriority
    apm32f4xx_dal_cortex.o(i.DAL_SYSTICK_Config) refers to apm32f4xx_dal_cortex.o(i.__NVIC_SetPriority) for __NVIC_SetPriority
    apm32f4xx_dal_cortex.o(i.DAL_SYSTICK_IRQHandler) refers to apm32f4xx_dal_cortex.o(i.DAL_SYSTICK_Callback) for DAL_SYSTICK_Callback
    apm32f4xx_dal_dma.o(i.DAL_DMA_Abort) refers to apm32f4xx_dal.o(i.DAL_GetTick) for DAL_GetTick
    apm32f4xx_dal_dma.o(i.DAL_DMA_DeInit) refers to apm32f4xx_dal_dma.o(i.DMA_CalcBaseAndBitshift) for DMA_CalcBaseAndBitshift
    apm32f4xx_dal_dma.o(i.DAL_DMA_IRQHandler) refers to system_apm32f4xx.o(.data) for SystemCoreClock
    apm32f4xx_dal_dma.o(i.DAL_DMA_Init) refers to apm32f4xx_dal.o(i.DAL_GetTick) for DAL_GetTick
    apm32f4xx_dal_dma.o(i.DAL_DMA_Init) refers to apm32f4xx_dal_dma.o(i.DMA_CheckFifoParam) for DMA_CheckFifoParam
    apm32f4xx_dal_dma.o(i.DAL_DMA_Init) refers to apm32f4xx_dal_dma.o(i.DMA_CalcBaseAndBitshift) for DMA_CalcBaseAndBitshift
    apm32f4xx_dal_dma.o(i.DAL_DMA_PollForTransfer) refers to apm32f4xx_dal.o(i.DAL_GetTick) for DAL_GetTick
    apm32f4xx_dal_dma.o(i.DAL_DMA_PollForTransfer) refers to apm32f4xx_dal_dma.o(i.DAL_DMA_Abort) for DAL_DMA_Abort
    apm32f4xx_dal_dma.o(i.DAL_DMA_Start) refers to apm32f4xx_dal_dma.o(i.DMA_SetConfig) for DMA_SetConfig
    apm32f4xx_dal_dma.o(i.DAL_DMA_Start_IT) refers to apm32f4xx_dal_dma.o(i.DMA_SetConfig) for DMA_SetConfig
    apm32f4xx_dal_dma.o(i.DMA_CalcBaseAndBitshift) refers to apm32f4xx_dal_dma.o(.constdata) for flagBitshiftOffset
    apm32f4xx_dal_dma_ex.o(i.DAL_DMAEx_MultiBufferStart) refers to apm32f4xx_dal_dma_ex.o(i.DMA_MultiBufferSetConfig) for DMA_MultiBufferSetConfig
    apm32f4xx_dal_dma_ex.o(i.DAL_DMAEx_MultiBufferStart_IT) refers to apm32f4xx_dal_dma_ex.o(i.DMA_MultiBufferSetConfig) for DMA_MultiBufferSetConfig
    apm32f4xx_dal_flash.o(i.DAL_FLASH_GetError) refers to apm32f4xx_dal_flash.o(.bss) for pFlash
    apm32f4xx_dal_flash.o(i.DAL_FLASH_IRQHandler) refers to apm32f4xx_dal_flash.o(i.FLASH_SetErrorCode) for FLASH_SetErrorCode
    apm32f4xx_dal_flash.o(i.DAL_FLASH_IRQHandler) refers to apm32f4xx_dal_flash.o(i.DAL_FLASH_OperationErrorCallback) for DAL_FLASH_OperationErrorCallback
    apm32f4xx_dal_flash.o(i.DAL_FLASH_IRQHandler) refers to apm32f4xx_dal_flash.o(i.DAL_FLASH_EndOfOperationCallback) for DAL_FLASH_EndOfOperationCallback
    apm32f4xx_dal_flash.o(i.DAL_FLASH_IRQHandler) refers to apm32f4xx_dal_flash_ex.o(i.FLASH_Erase_Sector) for FLASH_Erase_Sector
    apm32f4xx_dal_flash.o(i.DAL_FLASH_IRQHandler) refers to apm32f4xx_dal_flash_ex.o(i.FLASH_FlushCaches) for FLASH_FlushCaches
    apm32f4xx_dal_flash.o(i.DAL_FLASH_IRQHandler) refers to apm32f4xx_dal_flash.o(.bss) for pFlash
    apm32f4xx_dal_flash.o(i.DAL_FLASH_OB_Launch) refers to apm32f4xx_dal_flash.o(i.FLASH_WaitForLastOperation) for FLASH_WaitForLastOperation
    apm32f4xx_dal_flash.o(i.DAL_FLASH_Program) refers to apm32f4xx_dal_flash.o(i.FLASH_WaitForLastOperation) for FLASH_WaitForLastOperation
    apm32f4xx_dal_flash.o(i.DAL_FLASH_Program) refers to apm32f4xx_dal_flash.o(i.FLASH_Program_Byte) for FLASH_Program_Byte
    apm32f4xx_dal_flash.o(i.DAL_FLASH_Program) refers to apm32f4xx_dal_flash.o(i.FLASH_Program_HalfWord) for FLASH_Program_HalfWord
    apm32f4xx_dal_flash.o(i.DAL_FLASH_Program) refers to apm32f4xx_dal_flash.o(i.FLASH_Program_Word) for FLASH_Program_Word
    apm32f4xx_dal_flash.o(i.DAL_FLASH_Program) refers to apm32f4xx_dal_flash.o(i.FLASH_Program_DoubleWord) for FLASH_Program_DoubleWord
    apm32f4xx_dal_flash.o(i.DAL_FLASH_Program) refers to apm32f4xx_dal_flash.o(.bss) for pFlash
    apm32f4xx_dal_flash.o(i.DAL_FLASH_Program_IT) refers to apm32f4xx_dal_flash.o(i.FLASH_Program_Byte) for FLASH_Program_Byte
    apm32f4xx_dal_flash.o(i.DAL_FLASH_Program_IT) refers to apm32f4xx_dal_flash.o(i.FLASH_Program_HalfWord) for FLASH_Program_HalfWord
    apm32f4xx_dal_flash.o(i.DAL_FLASH_Program_IT) refers to apm32f4xx_dal_flash.o(i.FLASH_Program_Word) for FLASH_Program_Word
    apm32f4xx_dal_flash.o(i.DAL_FLASH_Program_IT) refers to apm32f4xx_dal_flash.o(i.FLASH_Program_DoubleWord) for FLASH_Program_DoubleWord
    apm32f4xx_dal_flash.o(i.DAL_FLASH_Program_IT) refers to apm32f4xx_dal_flash.o(.bss) for pFlash
    apm32f4xx_dal_flash.o(i.FLASH_SetErrorCode) refers to apm32f4xx_dal_flash.o(.bss) for pFlash
    apm32f4xx_dal_flash.o(i.FLASH_WaitForLastOperation) refers to apm32f4xx_dal.o(i.DAL_GetTick) for DAL_GetTick
    apm32f4xx_dal_flash.o(i.FLASH_WaitForLastOperation) refers to apm32f4xx_dal_flash.o(i.FLASH_SetErrorCode) for FLASH_SetErrorCode
    apm32f4xx_dal_flash.o(i.FLASH_WaitForLastOperation) refers to apm32f4xx_dal_flash.o(.bss) for pFlash
    apm32f4xx_dal_flash_ex.o(i.DAL_FLASHEx_Erase) refers to apm32f4xx_dal_flash.o(i.FLASH_WaitForLastOperation) for FLASH_WaitForLastOperation
    apm32f4xx_dal_flash_ex.o(i.DAL_FLASHEx_Erase) refers to apm32f4xx_dal_flash_ex.o(i.FLASH_MassErase) for FLASH_MassErase
    apm32f4xx_dal_flash_ex.o(i.DAL_FLASHEx_Erase) refers to apm32f4xx_dal_flash_ex.o(i.FLASH_Erase_Sector) for FLASH_Erase_Sector
    apm32f4xx_dal_flash_ex.o(i.DAL_FLASHEx_Erase) refers to apm32f4xx_dal_flash_ex.o(i.FLASH_FlushCaches) for FLASH_FlushCaches
    apm32f4xx_dal_flash_ex.o(i.DAL_FLASHEx_Erase) refers to apm32f4xx_dal_flash.o(.bss) for pFlash
    apm32f4xx_dal_flash_ex.o(i.DAL_FLASHEx_Erase_IT) refers to apm32f4xx_dal_flash_ex.o(i.FLASH_MassErase) for FLASH_MassErase
    apm32f4xx_dal_flash_ex.o(i.DAL_FLASHEx_Erase_IT) refers to apm32f4xx_dal_flash_ex.o(i.FLASH_Erase_Sector) for FLASH_Erase_Sector
    apm32f4xx_dal_flash_ex.o(i.DAL_FLASHEx_Erase_IT) refers to apm32f4xx_dal_flash.o(.bss) for pFlash
    apm32f4xx_dal_flash_ex.o(i.DAL_FLASHEx_OBGetConfig) refers to apm32f4xx_dal_flash_ex.o(i.FLASH_OB_GetWRP) for FLASH_OB_GetWRP
    apm32f4xx_dal_flash_ex.o(i.DAL_FLASHEx_OBGetConfig) refers to apm32f4xx_dal_flash_ex.o(i.FLASH_OB_GetRDP) for FLASH_OB_GetRDP
    apm32f4xx_dal_flash_ex.o(i.DAL_FLASHEx_OBGetConfig) refers to apm32f4xx_dal_flash_ex.o(i.FLASH_OB_GetUser) for FLASH_OB_GetUser
    apm32f4xx_dal_flash_ex.o(i.DAL_FLASHEx_OBGetConfig) refers to apm32f4xx_dal_flash_ex.o(i.FLASH_OB_GetBOR) for FLASH_OB_GetBOR
    apm32f4xx_dal_flash_ex.o(i.DAL_FLASHEx_OBProgram) refers to apm32f4xx_dal_flash_ex.o(i.FLASH_OB_EnableWRP) for FLASH_OB_EnableWRP
    apm32f4xx_dal_flash_ex.o(i.DAL_FLASHEx_OBProgram) refers to apm32f4xx_dal_flash_ex.o(i.FLASH_OB_DisableWRP) for FLASH_OB_DisableWRP
    apm32f4xx_dal_flash_ex.o(i.DAL_FLASHEx_OBProgram) refers to apm32f4xx_dal_flash_ex.o(i.FLASH_OB_RDP_LevelConfig) for FLASH_OB_RDP_LevelConfig
    apm32f4xx_dal_flash_ex.o(i.DAL_FLASHEx_OBProgram) refers to apm32f4xx_dal_flash_ex.o(i.FLASH_OB_UserConfig) for FLASH_OB_UserConfig
    apm32f4xx_dal_flash_ex.o(i.DAL_FLASHEx_OBProgram) refers to apm32f4xx_dal_flash_ex.o(i.FLASH_OB_BOR_LevelConfig) for FLASH_OB_BOR_LevelConfig
    apm32f4xx_dal_flash_ex.o(i.DAL_FLASHEx_OBProgram) refers to apm32f4xx_dal_flash.o(.bss) for pFlash
    apm32f4xx_dal_flash_ex.o(i.FLASH_OB_DisableWRP) refers to apm32f4xx_dal_flash.o(i.FLASH_WaitForLastOperation) for FLASH_WaitForLastOperation
    apm32f4xx_dal_flash_ex.o(i.FLASH_OB_EnableWRP) refers to apm32f4xx_dal_flash.o(i.FLASH_WaitForLastOperation) for FLASH_WaitForLastOperation
    apm32f4xx_dal_flash_ex.o(i.FLASH_OB_RDP_LevelConfig) refers to apm32f4xx_dal_flash.o(i.FLASH_WaitForLastOperation) for FLASH_WaitForLastOperation
    apm32f4xx_dal_flash_ex.o(i.FLASH_OB_UserConfig) refers to apm32f4xx_dal_flash.o(i.FLASH_WaitForLastOperation) for FLASH_WaitForLastOperation
    apm32f4xx_dal_gpio.o(i.DAL_GPIO_EINT_IRQHandler) refers to apm32f4xx_dal_gpio.o(i.DAL_GPIO_EINT_Callback) for DAL_GPIO_EINT_Callback
    apm32f4xx_dal_pmu.o(i.DAL_PMU_PVD_IRQHandler) refers to apm32f4xx_dal_pmu.o(i.DAL_PMU_PVDCallback) for DAL_PMU_PVDCallback
    apm32f4xx_dal_pmu_ex.o(i.DAL_PMUEx_ControlVoltageScaling) refers to apm32f4xx_dal.o(i.DAL_GetTick) for DAL_GetTick
    apm32f4xx_dal_pmu_ex.o(i.DAL_PMUEx_DisableBkUpReg) refers to apm32f4xx_dal.o(i.DAL_GetTick) for DAL_GetTick
    apm32f4xx_dal_pmu_ex.o(i.DAL_PMUEx_EnableBkUpReg) refers to apm32f4xx_dal.o(i.DAL_GetTick) for DAL_GetTick
    apm32f4xx_dal_rcm.o(i.DAL_RCM_ClockConfig) refers to apm32f4xx_dal.o(i.DAL_GetTick) for DAL_GetTick
    apm32f4xx_dal_rcm.o(i.DAL_RCM_ClockConfig) refers to apm32f4xx_dal_rcm.o(i.DAL_RCM_GetSysClockFreq) for DAL_RCM_GetSysClockFreq
    apm32f4xx_dal_rcm.o(i.DAL_RCM_ClockConfig) refers to apm32f4xx_dal.o(i.DAL_InitTick) for DAL_InitTick
    apm32f4xx_dal_rcm.o(i.DAL_RCM_ClockConfig) refers to system_apm32f4xx.o(.constdata) for AHBPrescTable
    apm32f4xx_dal_rcm.o(i.DAL_RCM_ClockConfig) refers to system_apm32f4xx.o(.data) for SystemCoreClock
    apm32f4xx_dal_rcm.o(i.DAL_RCM_ClockConfig) refers to apm32f4xx_dal.o(.data) for uwTickPrio
    apm32f4xx_dal_rcm.o(i.DAL_RCM_GetHCLKFreq) refers to system_apm32f4xx.o(.data) for SystemCoreClock
    apm32f4xx_dal_rcm.o(i.DAL_RCM_GetPCLK1Freq) refers to apm32f4xx_dal_rcm.o(i.DAL_RCM_GetHCLKFreq) for DAL_RCM_GetHCLKFreq
    apm32f4xx_dal_rcm.o(i.DAL_RCM_GetPCLK1Freq) refers to system_apm32f4xx.o(.constdata) for APBPrescTable
    apm32f4xx_dal_rcm.o(i.DAL_RCM_GetPCLK2Freq) refers to apm32f4xx_dal_rcm.o(i.DAL_RCM_GetHCLKFreq) for DAL_RCM_GetHCLKFreq
    apm32f4xx_dal_rcm.o(i.DAL_RCM_GetPCLK2Freq) refers to system_apm32f4xx.o(.constdata) for APBPrescTable
    apm32f4xx_dal_rcm.o(i.DAL_RCM_GetSysClockFreq) refers to uldiv.o(.text) for __aeabi_uldivmod
    apm32f4xx_dal_rcm.o(i.DAL_RCM_MCOConfig) refers to apm32f4xx_dal_gpio.o(i.DAL_GPIO_Init) for DAL_GPIO_Init
    apm32f4xx_dal_rcm.o(i.DAL_RCM_NMI_IRQHandler) refers to apm32f4xx_dal_rcm.o(i.DAL_RCM_CSSCallback) for DAL_RCM_CSSCallback
    apm32f4xx_dal_rcm.o(i.DAL_RCM_OscConfig) refers to apm32f4xx_dal.o(i.DAL_GetTick) for DAL_GetTick
    apm32f4xx_dal_rcm_ex.o(i.DAL_RCMEx_DisablePLLI2S) refers to apm32f4xx_dal.o(i.DAL_GetTick) for DAL_GetTick
    apm32f4xx_dal_rcm_ex.o(i.DAL_RCMEx_EnablePLLI2S) refers to apm32f4xx_dal.o(i.DAL_GetTick) for DAL_GetTick
    apm32f4xx_dal_rcm_ex.o(i.DAL_RCMEx_PeriphCLKConfig) refers to apm32f4xx_dal.o(i.DAL_GetTick) for DAL_GetTick
    apm32f4xx_dal_rcm_ex.o(i.DAL_RCM_DeInit) refers to apm32f4xx_dal.o(i.DAL_GetTick) for DAL_GetTick
    apm32f4xx_dal_rcm_ex.o(i.DAL_RCM_DeInit) refers to apm32f4xx_dal.o(i.DAL_InitTick) for DAL_InitTick
    apm32f4xx_dal_rcm_ex.o(i.DAL_RCM_DeInit) refers to system_apm32f4xx.o(.data) for SystemCoreClock
    apm32f4xx_dal_rcm_ex.o(i.DAL_RCM_DeInit) refers to apm32f4xx_dal.o(.data) for uwTickPrio
    board_apm32f407_mini.o(i.BOARD_BUTTON_Config) refers to memseta.o(.text) for __aeabi_memclr4
    board_apm32f407_mini.o(i.BOARD_BUTTON_Config) refers to apm32f4xx_dal_gpio.o(i.DAL_GPIO_Init) for DAL_GPIO_Init
    board_apm32f407_mini.o(i.BOARD_BUTTON_Config) refers to apm32f4xx_dal_cortex.o(i.DAL_NVIC_SetPriority) for DAL_NVIC_SetPriority
    board_apm32f407_mini.o(i.BOARD_BUTTON_Config) refers to apm32f4xx_dal_cortex.o(i.DAL_NVIC_EnableIRQ) for DAL_NVIC_EnableIRQ
    board_apm32f407_mini.o(i.BOARD_BUTTON_Config) refers to board_apm32f407_mini.o(.constdata) for BUTTON_PIN
    board_apm32f407_mini.o(i.BOARD_BUTTON_Config) refers to board_apm32f407_mini.o(.data) for BUTTON_PORT
    board_apm32f407_mini.o(i.BOARD_BUTTON_GetState) refers to apm32f4xx_dal_gpio.o(i.DAL_GPIO_ReadPin) for DAL_GPIO_ReadPin
    board_apm32f407_mini.o(i.BOARD_BUTTON_GetState) refers to board_apm32f407_mini.o(.constdata) for BUTTON_PIN
    board_apm32f407_mini.o(i.BOARD_BUTTON_GetState) refers to board_apm32f407_mini.o(.data) for BUTTON_PORT
    board_apm32f407_mini.o(i.BOARD_LED_Config) refers to memseta.o(.text) for __aeabi_memclr4
    board_apm32f407_mini.o(i.BOARD_LED_Config) refers to apm32f4xx_dal_gpio.o(i.DAL_GPIO_Init) for DAL_GPIO_Init
    board_apm32f407_mini.o(i.BOARD_LED_Config) refers to apm32f4xx_dal_gpio.o(i.DAL_GPIO_WritePin) for DAL_GPIO_WritePin
    board_apm32f407_mini.o(i.BOARD_LED_Config) refers to board_apm32f407_mini.o(.constdata) for LED_PIN
    board_apm32f407_mini.o(i.BOARD_LED_Config) refers to board_apm32f407_mini.o(.data) for LED_PORT
    board_apm32f407_mini.o(i.BOARD_LED_Off) refers to apm32f4xx_dal_gpio.o(i.DAL_GPIO_WritePin) for DAL_GPIO_WritePin
    board_apm32f407_mini.o(i.BOARD_LED_Off) refers to board_apm32f407_mini.o(.constdata) for LED_PIN
    board_apm32f407_mini.o(i.BOARD_LED_Off) refers to board_apm32f407_mini.o(.data) for LED_PORT
    board_apm32f407_mini.o(i.BOARD_LED_On) refers to apm32f4xx_dal_gpio.o(i.DAL_GPIO_WritePin) for DAL_GPIO_WritePin
    board_apm32f407_mini.o(i.BOARD_LED_On) refers to board_apm32f407_mini.o(.constdata) for LED_PIN
    board_apm32f407_mini.o(i.BOARD_LED_On) refers to board_apm32f407_mini.o(.data) for LED_PORT
    board_apm32f407_mini.o(i.BOARD_LED_Toggle) refers to apm32f4xx_dal_gpio.o(i.DAL_GPIO_TogglePin) for DAL_GPIO_TogglePin
    board_apm32f407_mini.o(i.BOARD_LED_Toggle) refers to board_apm32f407_mini.o(.constdata) for LED_PIN
    board_apm32f407_mini.o(i.BOARD_LED_Toggle) refers to board_apm32f407_mini.o(.data) for LED_PORT
    apm32f4xx_device_cfg.o(i.DAL_DeviceConfig) refers to apm32f4xx_dal.o(i.DAL_Init) for DAL_Init
    apm32f4xx_device_cfg.o(i.DAL_DeviceConfig) refers to apm32f4xx_device_cfg.o(i.DAL_SysClkConfig) for DAL_SysClkConfig
    apm32f4xx_device_cfg.o(i.DAL_DeviceConfig) refers to apm32f4xx_rcm_cfg.o(i.DAL_RCM_PeripheralClkConfig) for DAL_RCM_PeripheralClkConfig
    apm32f4xx_device_cfg.o(i.DAL_DeviceConfig) refers to apm32f4xx_gpio_cfg.o(i.DAL_GPIO_Config) for DAL_GPIO_Config
    apm32f4xx_device_cfg.o(i.DAL_DeviceConfig) refers to apm32f4xx_nvic_cfg.o(i.DAL_NVIC_Config) for DAL_NVIC_Config
    apm32f4xx_device_cfg.o(i.DAL_SysClkConfig) refers to memseta.o(.text) for __aeabi_memclr4
    apm32f4xx_device_cfg.o(i.DAL_SysClkConfig) refers to apm32f4xx_dal_rcm.o(i.DAL_RCM_OscConfig) for DAL_RCM_OscConfig
    apm32f4xx_device_cfg.o(i.DAL_SysClkConfig) refers to apm32f4xx_device_cfg.o(i.Error_Handler) for Error_Handler
    apm32f4xx_device_cfg.o(i.DAL_SysClkConfig) refers to apm32f4xx_dal_rcm.o(i.DAL_RCM_ClockConfig) for DAL_RCM_ClockConfig
    apm32f4xx_gpio_cfg.o(i.DAL_GPIO_Config) refers to memseta.o(.text) for __aeabi_memclr4
    apm32f4xx_gpio_cfg.o(i.DAL_GPIO_Config) refers to apm32f4xx_dal_gpio.o(i.DAL_GPIO_Init) for DAL_GPIO_Init
    apm32f4xx_gpio_cfg.o(i.DAL_GPIO_Config) refers to apm32f4xx_dal_gpio.o(i.DAL_GPIO_WritePin) for DAL_GPIO_WritePin
    apm32f4xx_nvic_cfg.o(i.DAL_NVIC_Config) refers to apm32f4xx_dal_cortex.o(i.DAL_NVIC_SetPriorityGrouping) for DAL_NVIC_SetPriorityGrouping
    apm32f4xx_int.o(i.SysTick_Handler) refers to apm32f4xx_dal.o(i.DAL_IncTick) for DAL_IncTick
    main.o(i.main) refers to apm32f4xx_device_cfg.o(i.DAL_DeviceConfig) for DAL_DeviceConfig
    main.o(i.main) refers to apm32f4xx_dal_gpio.o(i.DAL_GPIO_TogglePin) for DAL_GPIO_TogglePin
    main.o(i.main) refers to apm32f4xx_dal.o(i.DAL_Delay) for DAL_Delay
    entry.o(.ARM.Collect$$$$00000000) refers (Special) to entry10a.o(.ARM.Collect$$$$0000000F) for __rt_final_cpp
    entry.o(.ARM.Collect$$$$00000000) refers (Special) to entry11a.o(.ARM.Collect$$$$00000011) for __rt_final_exit
    entry.o(.ARM.Collect$$$$00000000) refers (Special) to entry12b.o(.ARM.Collect$$$$0000000E) for __rt_lib_shutdown_fini
    entry.o(.ARM.Collect$$$$00000000) refers (Special) to entry7b.o(.ARM.Collect$$$$00000008) for _main_clock
    entry.o(.ARM.Collect$$$$00000000) refers (Special) to entry8b.o(.ARM.Collect$$$$0000000A) for _main_cpp_init
    entry.o(.ARM.Collect$$$$00000000) refers (Special) to entry9a.o(.ARM.Collect$$$$0000000B) for _main_init
    entry.o(.ARM.Collect$$$$00000000) refers (Special) to entry5.o(.ARM.Collect$$$$00000004) for _main_scatterload
    entry.o(.ARM.Collect$$$$00000000) refers (Special) to entry2.o(.ARM.Collect$$$$00000001) for _main_stk
    uldiv.o(.text) refers to llushr.o(.text) for __aeabi_llsr
    uldiv.o(.text) refers to llshl.o(.text) for __aeabi_llsl
    entry2.o(.ARM.Collect$$$$00000001) refers to entry2.o(.ARM.Collect$$$$00002712) for __lit__00000000
    entry2.o(.ARM.Collect$$$$00002712) refers to startup_apm32f407xx.o(STACK) for __initial_sp
    entry2.o(__vectab_stack_and_reset_area) refers to startup_apm32f407xx.o(STACK) for __initial_sp
    entry2.o(__vectab_stack_and_reset_area) refers to entry.o(.ARM.Collect$$$$00000000) for __main
    entry5.o(.ARM.Collect$$$$00000004) refers to init.o(.text) for __scatterload
    entry9a.o(.ARM.Collect$$$$0000000B) refers to main.o(i.main) for main
    entry9b.o(.ARM.Collect$$$$0000000C) refers to main.o(i.main) for main
    init.o(.text) refers to entry5.o(.ARM.Collect$$$$00000004) for __main_after_scatterload


==============================================================================

Removing Unused input sections from the image.

    Removing system_apm32f4xx.o(.rev16_text), (4 bytes).
    Removing system_apm32f4xx.o(.revsh_text), (4 bytes).
    Removing system_apm32f4xx.o(.rrx_text), (6 bytes).
    Removing system_apm32f4xx.o(i.SystemCoreClockUpdate), (184 bytes).
    Removing startup_apm32f407xx.o(HEAP), (512 bytes).
    Removing apm32f4xx_dal.o(.rev16_text), (4 bytes).
    Removing apm32f4xx_dal.o(.revsh_text), (4 bytes).
    Removing apm32f4xx_dal.o(.rrx_text), (6 bytes).
    Removing apm32f4xx_dal.o(i.DAL_DBGMCU_DisableDBGSleepMode), (20 bytes).
    Removing apm32f4xx_dal.o(i.DAL_DBGMCU_DisableDBGStandbyMode), (20 bytes).
    Removing apm32f4xx_dal.o(i.DAL_DBGMCU_DisableDBGStopMode), (20 bytes).
    Removing apm32f4xx_dal.o(i.DAL_DBGMCU_EnableDBGSleepMode), (20 bytes).
    Removing apm32f4xx_dal.o(i.DAL_DBGMCU_EnableDBGStandbyMode), (20 bytes).
    Removing apm32f4xx_dal.o(i.DAL_DBGMCU_EnableDBGStopMode), (20 bytes).
    Removing apm32f4xx_dal.o(i.DAL_DeInit), (68 bytes).
    Removing apm32f4xx_dal.o(i.DAL_DisableCompensationCell), (12 bytes).
    Removing apm32f4xx_dal.o(i.DAL_EnableCompensationCell), (12 bytes).
    Removing apm32f4xx_dal.o(i.DAL_GetDEVID), (16 bytes).
    Removing apm32f4xx_dal.o(i.DAL_GetDalVersion), (8 bytes).
    Removing apm32f4xx_dal.o(i.DAL_GetREVID), (12 bytes).
    Removing apm32f4xx_dal.o(i.DAL_GetTickFreq), (12 bytes).
    Removing apm32f4xx_dal.o(i.DAL_GetTickPrio), (12 bytes).
    Removing apm32f4xx_dal.o(i.DAL_GetUIDw0), (12 bytes).
    Removing apm32f4xx_dal.o(i.DAL_GetUIDw1), (12 bytes).
    Removing apm32f4xx_dal.o(i.DAL_GetUIDw2), (12 bytes).
    Removing apm32f4xx_dal.o(i.DAL_MspDeInit), (2 bytes).
    Removing apm32f4xx_dal.o(i.DAL_ResumeTick), (18 bytes).
    Removing apm32f4xx_dal.o(i.DAL_SetTickFreq), (48 bytes).
    Removing apm32f4xx_dal.o(i.DAL_SuspendTick), (18 bytes).
    Removing apm32f4xx_dal_cortex.o(.rev16_text), (4 bytes).
    Removing apm32f4xx_dal_cortex.o(.revsh_text), (4 bytes).
    Removing apm32f4xx_dal_cortex.o(.rrx_text), (6 bytes).
    Removing apm32f4xx_dal_cortex.o(i.DAL_MPU_ConfigRegion), (92 bytes).
    Removing apm32f4xx_dal_cortex.o(i.DAL_MPU_Disable), (32 bytes).
    Removing apm32f4xx_dal_cortex.o(i.DAL_MPU_Enable), (40 bytes).
    Removing apm32f4xx_dal_cortex.o(i.DAL_NVIC_ClearPendingIRQ), (36 bytes).
    Removing apm32f4xx_dal_cortex.o(i.DAL_NVIC_DisableIRQ), (44 bytes).
    Removing apm32f4xx_dal_cortex.o(i.DAL_NVIC_EnableIRQ), (40 bytes).
    Removing apm32f4xx_dal_cortex.o(i.DAL_NVIC_GetActive), (48 bytes).
    Removing apm32f4xx_dal_cortex.o(i.DAL_NVIC_GetPendingIRQ), (48 bytes).
    Removing apm32f4xx_dal_cortex.o(i.DAL_NVIC_GetPriority), (148 bytes).
    Removing apm32f4xx_dal_cortex.o(i.DAL_NVIC_GetPriorityGrouping), (8 bytes).
    Removing apm32f4xx_dal_cortex.o(i.DAL_NVIC_SetPendingIRQ), (36 bytes).
    Removing apm32f4xx_dal_cortex.o(i.DAL_NVIC_SystemReset), (44 bytes).
    Removing apm32f4xx_dal_cortex.o(i.DAL_SYSTICK_CLKSourceConfig), (40 bytes).
    Removing apm32f4xx_dal_cortex.o(i.DAL_SYSTICK_Callback), (2 bytes).
    Removing apm32f4xx_dal_cortex.o(i.DAL_SYSTICK_IRQHandler), (8 bytes).
    Removing apm32f4xx_dal_dma.o(.rev16_text), (4 bytes).
    Removing apm32f4xx_dal_dma.o(.revsh_text), (4 bytes).
    Removing apm32f4xx_dal_dma.o(.rrx_text), (6 bytes).
    Removing apm32f4xx_dal_dma.o(i.DAL_DMA_Abort), (174 bytes).
    Removing apm32f4xx_dal_dma.o(i.DAL_DMA_Abort_IT), (40 bytes).
    Removing apm32f4xx_dal_dma.o(i.DAL_DMA_DeInit), (114 bytes).
    Removing apm32f4xx_dal_dma.o(i.DAL_DMA_GetError), (6 bytes).
    Removing apm32f4xx_dal_dma.o(i.DAL_DMA_GetState), (8 bytes).
    Removing apm32f4xx_dal_dma.o(i.DAL_DMA_IRQHandler), (576 bytes).
    Removing apm32f4xx_dal_dma.o(i.DAL_DMA_Init), (240 bytes).
    Removing apm32f4xx_dal_dma.o(i.DAL_DMA_PollForTransfer), (348 bytes).
    Removing apm32f4xx_dal_dma.o(i.DAL_DMA_RegisterCallback), (96 bytes).
    Removing apm32f4xx_dal_dma.o(i.DAL_DMA_Start), (102 bytes).
    Removing apm32f4xx_dal_dma.o(i.DAL_DMA_Start_IT), (148 bytes).
    Removing apm32f4xx_dal_dma.o(i.DAL_DMA_UnRegisterCallback), (124 bytes).
    Removing apm32f4xx_dal_dma.o(i.DMA_CalcBaseAndBitshift), (52 bytes).
    Removing apm32f4xx_dal_dma.o(i.DMA_CheckFifoParam), (170 bytes).
    Removing apm32f4xx_dal_dma.o(i.DMA_SetConfig), (44 bytes).
    Removing apm32f4xx_dal_dma.o(.constdata), (8 bytes).
    Removing apm32f4xx_dal_dma_ex.o(.rev16_text), (4 bytes).
    Removing apm32f4xx_dal_dma_ex.o(.revsh_text), (4 bytes).
    Removing apm32f4xx_dal_dma_ex.o(.rrx_text), (6 bytes).
    Removing apm32f4xx_dal_dma_ex.o(i.DAL_DMAEx_ChangeMemory), (18 bytes).
    Removing apm32f4xx_dal_dma_ex.o(i.DAL_DMAEx_MultiBufferStart), (124 bytes).
    Removing apm32f4xx_dal_dma_ex.o(i.DAL_DMAEx_MultiBufferStart_IT), (4056 bytes).
    Removing apm32f4xx_dal_dma_ex.o(i.DMA_MultiBufferSetConfig), (32 bytes).
    Removing apm32f4xx_dal_eint.o(.rev16_text), (4 bytes).
    Removing apm32f4xx_dal_eint.o(.revsh_text), (4 bytes).
    Removing apm32f4xx_dal_eint.o(.rrx_text), (6 bytes).
    Removing apm32f4xx_dal_flash.o(.rev16_text), (4 bytes).
    Removing apm32f4xx_dal_flash.o(.revsh_text), (4 bytes).
    Removing apm32f4xx_dal_flash.o(.rrx_text), (6 bytes).
    Removing apm32f4xx_dal_flash.o(i.DAL_FLASH_EndOfOperationCallback), (2 bytes).
    Removing apm32f4xx_dal_flash.o(i.DAL_FLASH_GetError), (12 bytes).
    Removing apm32f4xx_dal_flash.o(i.DAL_FLASH_IRQHandler), (272 bytes).
    Removing apm32f4xx_dal_flash.o(i.DAL_FLASH_Lock), (20 bytes).
    Removing apm32f4xx_dal_flash.o(i.DAL_FLASH_OB_Launch), (28 bytes).
    Removing apm32f4xx_dal_flash.o(i.DAL_FLASH_OB_Lock), (20 bytes).
    Removing apm32f4xx_dal_flash.o(i.DAL_FLASH_OB_Unlock), (44 bytes).
    Removing apm32f4xx_dal_flash.o(i.DAL_FLASH_OperationErrorCallback), (2 bytes).
    Removing apm32f4xx_dal_flash.o(i.DAL_FLASH_Program), (152 bytes).
    Removing apm32f4xx_dal_flash.o(i.DAL_FLASH_Program_IT), (136 bytes).
    Removing apm32f4xx_dal_flash.o(i.DAL_FLASH_Unlock), (52 bytes).
    Removing apm32f4xx_dal_flash.o(i.FLASH_Program_Byte), (36 bytes).
    Removing apm32f4xx_dal_flash.o(i.FLASH_Program_DoubleWord), (48 bytes).
    Removing apm32f4xx_dal_flash.o(i.FLASH_Program_HalfWord), (40 bytes).
    Removing apm32f4xx_dal_flash.o(i.FLASH_Program_Word), (40 bytes).
    Removing apm32f4xx_dal_flash.o(i.FLASH_SetErrorCode), (152 bytes).
    Removing apm32f4xx_dal_flash.o(i.FLASH_WaitForLastOperation), (100 bytes).
    Removing apm32f4xx_dal_flash.o(.bss), (32 bytes).
    Removing apm32f4xx_dal_flash_ex.o(.rev16_text), (4 bytes).
    Removing apm32f4xx_dal_flash_ex.o(.revsh_text), (4 bytes).
    Removing apm32f4xx_dal_flash_ex.o(.rrx_text), (6 bytes).
    Removing apm32f4xx_dal_flash_ex.o(i.DAL_FLASHEx_Erase), (172 bytes).
    Removing apm32f4xx_dal_flash_ex.o(i.DAL_FLASHEx_Erase_IT), (120 bytes).
    Removing apm32f4xx_dal_flash_ex.o(i.DAL_FLASHEx_OBGetConfig), (34 bytes).
    Removing apm32f4xx_dal_flash_ex.o(i.DAL_FLASHEx_OBProgram), (148 bytes).
    Removing apm32f4xx_dal_flash_ex.o(i.FLASH_Erase_Sector), (92 bytes).
    Removing apm32f4xx_dal_flash_ex.o(i.FLASH_FlushCaches), (120 bytes).
    Removing apm32f4xx_dal_flash_ex.o(i.FLASH_MassErase), (48 bytes).
    Removing apm32f4xx_dal_flash_ex.o(i.FLASH_OB_BOR_LevelConfig), (32 bytes).
    Removing apm32f4xx_dal_flash_ex.o(i.FLASH_OB_DisableWRP), (40 bytes).
    Removing apm32f4xx_dal_flash_ex.o(i.FLASH_OB_EnableWRP), (40 bytes).
    Removing apm32f4xx_dal_flash_ex.o(i.FLASH_OB_GetBOR), (16 bytes).
    Removing apm32f4xx_dal_flash_ex.o(i.FLASH_OB_GetRDP), (36 bytes).
    Removing apm32f4xx_dal_flash_ex.o(i.FLASH_OB_GetUser), (16 bytes).
    Removing apm32f4xx_dal_flash_ex.o(i.FLASH_OB_GetWRP), (12 bytes).
    Removing apm32f4xx_dal_flash_ex.o(i.FLASH_OB_RDP_LevelConfig), (32 bytes).
    Removing apm32f4xx_dal_flash_ex.o(i.FLASH_OB_UserConfig), (60 bytes).
    Removing apm32f4xx_dal_gpio.o(.rev16_text), (4 bytes).
    Removing apm32f4xx_dal_gpio.o(.revsh_text), (4 bytes).
    Removing apm32f4xx_dal_gpio.o(.rrx_text), (6 bytes).
    Removing apm32f4xx_dal_gpio.o(i.DAL_GPIO_DeInit), (360 bytes).
    Removing apm32f4xx_dal_gpio.o(i.DAL_GPIO_EINT_Callback), (2 bytes).
    Removing apm32f4xx_dal_gpio.o(i.DAL_GPIO_EINT_IRQHandler), (28 bytes).
    Removing apm32f4xx_dal_gpio.o(i.DAL_GPIO_LockPin), (46 bytes).
    Removing apm32f4xx_dal_gpio.o(i.DAL_GPIO_ReadPin), (16 bytes).
    Removing apm32f4xx_dal_pmu.o(.rev16_text), (4 bytes).
    Removing apm32f4xx_dal_pmu.o(.revsh_text), (4 bytes).
    Removing apm32f4xx_dal_pmu.o(.rrx_text), (6 bytes).
    Removing apm32f4xx_dal_pmu.o(i.DAL_PMU_ConfigPVD), (180 bytes).
    Removing apm32f4xx_dal_pmu.o(i.DAL_PMU_DeInit), (28 bytes).
    Removing apm32f4xx_dal_pmu.o(i.DAL_PMU_DisableBkUpAccess), (28 bytes).
    Removing apm32f4xx_dal_pmu.o(i.DAL_PMU_DisablePVD), (12 bytes).
    Removing apm32f4xx_dal_pmu.o(i.DAL_PMU_DisableSEVOnPend), (20 bytes).
    Removing apm32f4xx_dal_pmu.o(i.DAL_PMU_DisableSleepOnExit), (20 bytes).
    Removing apm32f4xx_dal_pmu.o(i.DAL_PMU_DisableWakeUpPin), (16 bytes).
    Removing apm32f4xx_dal_pmu.o(i.DAL_PMU_EnableBkUpAccess), (28 bytes).
    Removing apm32f4xx_dal_pmu.o(i.DAL_PMU_EnablePVD), (12 bytes).
    Removing apm32f4xx_dal_pmu.o(i.DAL_PMU_EnableSEVOnPend), (20 bytes).
    Removing apm32f4xx_dal_pmu.o(i.DAL_PMU_EnableSleepOnExit), (20 bytes).
    Removing apm32f4xx_dal_pmu.o(i.DAL_PMU_EnableWakeUpPin), (16 bytes).
    Removing apm32f4xx_dal_pmu.o(i.DAL_PMU_EnterSLEEPMode), (32 bytes).
    Removing apm32f4xx_dal_pmu.o(i.DAL_PMU_EnterSTANDBYMode), (40 bytes).
    Removing apm32f4xx_dal_pmu.o(i.DAL_PMU_EnterSTOPMode), (64 bytes).
    Removing apm32f4xx_dal_pmu.o(i.DAL_PMU_PVDCallback), (2 bytes).
    Removing apm32f4xx_dal_pmu.o(i.DAL_PMU_PVD_IRQHandler), (32 bytes).
    Removing apm32f4xx_dal_pmu_ex.o(.rev16_text), (4 bytes).
    Removing apm32f4xx_dal_pmu_ex.o(.revsh_text), (4 bytes).
    Removing apm32f4xx_dal_pmu_ex.o(.rrx_text), (6 bytes).
    Removing apm32f4xx_dal_pmu_ex.o(i.DAL_PMUEx_ControlVoltageScaling), (120 bytes).
    Removing apm32f4xx_dal_pmu_ex.o(i.DAL_PMUEx_DisableBkUpReg), (60 bytes).
    Removing apm32f4xx_dal_pmu_ex.o(i.DAL_PMUEx_DisableFlashPowerDown), (12 bytes).
    Removing apm32f4xx_dal_pmu_ex.o(i.DAL_PMUEx_EnableBkUpReg), (60 bytes).
    Removing apm32f4xx_dal_pmu_ex.o(i.DAL_PMUEx_EnableFlashPowerDown), (12 bytes).
    Removing apm32f4xx_dal_pmu_ex.o(i.DAL_PMUEx_GetVoltageRange), (16 bytes).
    Removing apm32f4xx_dal_rcm.o(.rev16_text), (4 bytes).
    Removing apm32f4xx_dal_rcm.o(.revsh_text), (4 bytes).
    Removing apm32f4xx_dal_rcm.o(.rrx_text), (6 bytes).
    Removing apm32f4xx_dal_rcm.o(i.DAL_RCM_CSSCallback), (2 bytes).
    Removing apm32f4xx_dal_rcm.o(i.DAL_RCM_DeInit), (4 bytes).
    Removing apm32f4xx_dal_rcm.o(i.DAL_RCM_DisableCSS), (12 bytes).
    Removing apm32f4xx_dal_rcm.o(i.DAL_RCM_EnableCSS), (12 bytes).
    Removing apm32f4xx_dal_rcm.o(i.DAL_RCM_GetClockConfig), (68 bytes).
    Removing apm32f4xx_dal_rcm.o(i.DAL_RCM_GetHCLKFreq), (12 bytes).
    Removing apm32f4xx_dal_rcm.o(i.DAL_RCM_GetOscConfig), (244 bytes).
    Removing apm32f4xx_dal_rcm.o(i.DAL_RCM_GetPCLK1Freq), (32 bytes).
    Removing apm32f4xx_dal_rcm.o(i.DAL_RCM_GetPCLK2Freq), (32 bytes).
    Removing apm32f4xx_dal_rcm.o(i.DAL_RCM_MCOConfig), (192 bytes).
    Removing apm32f4xx_dal_rcm.o(i.DAL_RCM_NMI_IRQHandler), (32 bytes).
    Removing apm32f4xx_dal_rcm_ex.o(.rev16_text), (4 bytes).
    Removing apm32f4xx_dal_rcm_ex.o(.revsh_text), (4 bytes).
    Removing apm32f4xx_dal_rcm_ex.o(.rrx_text), (6 bytes).
    Removing apm32f4xx_dal_rcm_ex.o(i.DAL_RCMEx_DisablePLLI2S), (56 bytes).
    Removing apm32f4xx_dal_rcm_ex.o(i.DAL_RCMEx_EnablePLLI2S), (112 bytes).
    Removing apm32f4xx_dal_rcm_ex.o(i.DAL_RCMEx_GetPeriphCLKConfig), (56 bytes).
    Removing apm32f4xx_dal_rcm_ex.o(i.DAL_RCMEx_GetPeriphCLKFreq), (144 bytes).
    Removing apm32f4xx_dal_rcm_ex.o(i.DAL_RCMEx_PeriphCLKConfig), (436 bytes).
    Removing apm32f4xx_dal_rcm_ex.o(i.DAL_RCM_DeInit), (384 bytes).
    Removing board_apm32f407_mini.o(.rev16_text), (4 bytes).
    Removing board_apm32f407_mini.o(.revsh_text), (4 bytes).
    Removing board_apm32f407_mini.o(.rrx_text), (6 bytes).
    Removing board_apm32f407_mini.o(i.BOARD_BUTTON_Config), (208 bytes).
    Removing board_apm32f407_mini.o(i.BOARD_BUTTON_GetState), (32 bytes).
    Removing board_apm32f407_mini.o(i.BOARD_LED_Config), (160 bytes).
    Removing board_apm32f407_mini.o(i.BOARD_LED_Off), (32 bytes).
    Removing board_apm32f407_mini.o(i.BOARD_LED_On), (32 bytes).
    Removing board_apm32f407_mini.o(i.BOARD_LED_Toggle), (32 bytes).
    Removing board_apm32f407_mini.o(.constdata), (10 bytes).
    Removing board_apm32f407_mini.o(.data), (16 bytes).
    Removing apm32f4xx_device_cfg.o(.rev16_text), (4 bytes).
    Removing apm32f4xx_device_cfg.o(.revsh_text), (4 bytes).
    Removing apm32f4xx_device_cfg.o(.rrx_text), (6 bytes).
    Removing apm32f4xx_rcm_cfg.o(.rev16_text), (4 bytes).
    Removing apm32f4xx_rcm_cfg.o(.revsh_text), (4 bytes).
    Removing apm32f4xx_rcm_cfg.o(.rrx_text), (6 bytes).
    Removing apm32f4xx_gpio_cfg.o(.rev16_text), (4 bytes).
    Removing apm32f4xx_gpio_cfg.o(.revsh_text), (4 bytes).
    Removing apm32f4xx_gpio_cfg.o(.rrx_text), (6 bytes).
    Removing apm32f4xx_nvic_cfg.o(.rev16_text), (4 bytes).
    Removing apm32f4xx_nvic_cfg.o(.revsh_text), (4 bytes).
    Removing apm32f4xx_nvic_cfg.o(.rrx_text), (6 bytes).
    Removing apm32f4xx_int.o(.rev16_text), (4 bytes).
    Removing apm32f4xx_int.o(.revsh_text), (4 bytes).
    Removing apm32f4xx_int.o(.rrx_text), (6 bytes).
    Removing main.o(.rev16_text), (4 bytes).
    Removing main.o(.revsh_text), (4 bytes).
    Removing main.o(.rrx_text), (6 bytes).

205 unused section(s) (total 14376 bytes) removed from the image.

==============================================================================

Image Symbol Table

    Local Symbols

    Symbol Name                              Value     Ov Type        Size  Object(Section)

    ../clib/microlib/division.c              0x00000000   Number         0  uldiv.o ABSOLUTE
    ../clib/microlib/init/entry.s            0x00000000   Number         0  entry10a.o ABSOLUTE
    ../clib/microlib/init/entry.s            0x00000000   Number         0  entry7b.o ABSOLUTE
    ../clib/microlib/init/entry.s            0x00000000   Number         0  entry7a.o ABSOLUTE
    ../clib/microlib/init/entry.s            0x00000000   Number         0  entry5.o ABSOLUTE
    ../clib/microlib/init/entry.s            0x00000000   Number         0  entry11a.o ABSOLUTE
    ../clib/microlib/init/entry.s            0x00000000   Number         0  entry2.o ABSOLUTE
    ../clib/microlib/init/entry.s            0x00000000   Number         0  entry12b.o ABSOLUTE
    ../clib/microlib/init/entry.s            0x00000000   Number         0  entry12a.o ABSOLUTE
    ../clib/microlib/init/entry.s            0x00000000   Number         0  entry11b.o ABSOLUTE
    ../clib/microlib/init/entry.s            0x00000000   Number         0  entry10b.o ABSOLUTE
    ../clib/microlib/init/entry.s            0x00000000   Number         0  entry9b.o ABSOLUTE
    ../clib/microlib/init/entry.s            0x00000000   Number         0  entry9a.o ABSOLUTE
    ../clib/microlib/init/entry.s            0x00000000   Number         0  entry8b.o ABSOLUTE
    ../clib/microlib/init/entry.s            0x00000000   Number         0  entry.o ABSOLUTE
    ../clib/microlib/init/entry.s            0x00000000   Number         0  entry8a.o ABSOLUTE
    ../clib/microlib/longlong.c              0x00000000   Number         0  llushr.o ABSOLUTE
    ../clib/microlib/longlong.c              0x00000000   Number         0  llshl.o ABSOLUTE
    ../clib/microlib/string/memset.c         0x00000000   Number         0  memseta.o ABSOLUTE
    ..\..\..\..\..\..\Boards\Board_APM32F407_Mini\Source\board_apm32f407_mini.c 0x00000000   Number         0  board_apm32f407_mini.o ABSOLUTE
    ..\..\..\..\..\..\Libraries\APM32F4xx_DAL_Driver\Source\apm32f4xx_dal.c 0x00000000   Number         0  apm32f4xx_dal.o ABSOLUTE
    ..\..\..\..\..\..\Libraries\APM32F4xx_DAL_Driver\Source\apm32f4xx_dal_cortex.c 0x00000000   Number         0  apm32f4xx_dal_cortex.o ABSOLUTE
    ..\..\..\..\..\..\Libraries\APM32F4xx_DAL_Driver\Source\apm32f4xx_dal_dma.c 0x00000000   Number         0  apm32f4xx_dal_dma.o ABSOLUTE
    ..\..\..\..\..\..\Libraries\APM32F4xx_DAL_Driver\Source\apm32f4xx_dal_dma_ex.c 0x00000000   Number         0  apm32f4xx_dal_dma_ex.o ABSOLUTE
    ..\..\..\..\..\..\Libraries\APM32F4xx_DAL_Driver\Source\apm32f4xx_dal_eint.c 0x00000000   Number         0  apm32f4xx_dal_eint.o ABSOLUTE
    ..\..\..\..\..\..\Libraries\APM32F4xx_DAL_Driver\Source\apm32f4xx_dal_flash.c 0x00000000   Number         0  apm32f4xx_dal_flash.o ABSOLUTE
    ..\..\..\..\..\..\Libraries\APM32F4xx_DAL_Driver\Source\apm32f4xx_dal_flash_ex.c 0x00000000   Number         0  apm32f4xx_dal_flash_ex.o ABSOLUTE
    ..\..\..\..\..\..\Libraries\APM32F4xx_DAL_Driver\Source\apm32f4xx_dal_gpio.c 0x00000000   Number         0  apm32f4xx_dal_gpio.o ABSOLUTE
    ..\..\..\..\..\..\Libraries\APM32F4xx_DAL_Driver\Source\apm32f4xx_dal_pmu.c 0x00000000   Number         0  apm32f4xx_dal_pmu.o ABSOLUTE
    ..\..\..\..\..\..\Libraries\APM32F4xx_DAL_Driver\Source\apm32f4xx_dal_pmu_ex.c 0x00000000   Number         0  apm32f4xx_dal_pmu_ex.o ABSOLUTE
    ..\..\..\..\..\..\Libraries\APM32F4xx_DAL_Driver\Source\apm32f4xx_dal_rcm.c 0x00000000   Number         0  apm32f4xx_dal_rcm.o ABSOLUTE
    ..\..\..\..\..\..\Libraries\APM32F4xx_DAL_Driver\Source\apm32f4xx_dal_rcm_ex.c 0x00000000   Number         0  apm32f4xx_dal_rcm_ex.o ABSOLUTE
    ..\..\Config\Source\apm32f4xx_device_cfg.c 0x00000000   Number         0  apm32f4xx_device_cfg.o ABSOLUTE
    ..\..\Config\Source\apm32f4xx_gpio_cfg.c 0x00000000   Number         0  apm32f4xx_gpio_cfg.o ABSOLUTE
    ..\..\Config\Source\apm32f4xx_nvic_cfg.c 0x00000000   Number         0  apm32f4xx_nvic_cfg.o ABSOLUTE
    ..\..\Config\Source\apm32f4xx_rcm_cfg.c  0x00000000   Number         0  apm32f4xx_rcm_cfg.o ABSOLUTE
    ..\..\Source\apm32f4xx_int.c             0x00000000   Number         0  apm32f4xx_int.o ABSOLUTE
    ..\..\Source\main.c                      0x00000000   Number         0  main.o ABSOLUTE
    ..\..\Source\system_apm32f4xx.c          0x00000000   Number         0  system_apm32f4xx.o ABSOLUTE
    ..\\..\\..\\..\\..\\..\\Boards\\Board_APM32F407_Mini\\Source\\board_apm32f407_mini.c 0x00000000   Number         0  board_apm32f407_mini.o ABSOLUTE
    ..\\..\\..\\..\\..\\..\\Libraries\\APM32F4xx_DAL_Driver\\Source\\apm32f4xx_dal.c 0x00000000   Number         0  apm32f4xx_dal.o ABSOLUTE
    ..\\..\\..\\..\\..\\..\\Libraries\\APM32F4xx_DAL_Driver\\Source\\apm32f4xx_dal_cortex.c 0x00000000   Number         0  apm32f4xx_dal_cortex.o ABSOLUTE
    ..\\..\\..\\..\\..\\..\\Libraries\\APM32F4xx_DAL_Driver\\Source\\apm32f4xx_dal_dma.c 0x00000000   Number         0  apm32f4xx_dal_dma.o ABSOLUTE
    ..\\..\\..\\..\\..\\..\\Libraries\\APM32F4xx_DAL_Driver\\Source\\apm32f4xx_dal_dma_ex.c 0x00000000   Number         0  apm32f4xx_dal_dma_ex.o ABSOLUTE
    ..\\..\\..\\..\\..\\..\\Libraries\\APM32F4xx_DAL_Driver\\Source\\apm32f4xx_dal_eint.c 0x00000000   Number         0  apm32f4xx_dal_eint.o ABSOLUTE
    ..\\..\\..\\..\\..\\..\\Libraries\\APM32F4xx_DAL_Driver\\Source\\apm32f4xx_dal_flash.c 0x00000000   Number         0  apm32f4xx_dal_flash.o ABSOLUTE
    ..\\..\\..\\..\\..\\..\\Libraries\\APM32F4xx_DAL_Driver\\Source\\apm32f4xx_dal_flash_ex.c 0x00000000   Number         0  apm32f4xx_dal_flash_ex.o ABSOLUTE
    ..\\..\\..\\..\\..\\..\\Libraries\\APM32F4xx_DAL_Driver\\Source\\apm32f4xx_dal_gpio.c 0x00000000   Number         0  apm32f4xx_dal_gpio.o ABSOLUTE
    ..\\..\\..\\..\\..\\..\\Libraries\\APM32F4xx_DAL_Driver\\Source\\apm32f4xx_dal_pmu.c 0x00000000   Number         0  apm32f4xx_dal_pmu.o ABSOLUTE
    ..\\..\\..\\..\\..\\..\\Libraries\\APM32F4xx_DAL_Driver\\Source\\apm32f4xx_dal_pmu_ex.c 0x00000000   Number         0  apm32f4xx_dal_pmu_ex.o ABSOLUTE
    ..\\..\\..\\..\\..\\..\\Libraries\\APM32F4xx_DAL_Driver\\Source\\apm32f4xx_dal_rcm.c 0x00000000   Number         0  apm32f4xx_dal_rcm.o ABSOLUTE
    ..\\..\\..\\..\\..\\..\\Libraries\\APM32F4xx_DAL_Driver\\Source\\apm32f4xx_dal_rcm_ex.c 0x00000000   Number         0  apm32f4xx_dal_rcm_ex.o ABSOLUTE
    ..\\..\\Config\\Source\\apm32f4xx_device_cfg.c 0x00000000   Number         0  apm32f4xx_device_cfg.o ABSOLUTE
    ..\\..\\Config\\Source\\apm32f4xx_gpio_cfg.c 0x00000000   Number         0  apm32f4xx_gpio_cfg.o ABSOLUTE
    ..\\..\\Config\\Source\\apm32f4xx_nvic_cfg.c 0x00000000   Number         0  apm32f4xx_nvic_cfg.o ABSOLUTE
    ..\\..\\Config\\Source\\apm32f4xx_rcm_cfg.c 0x00000000   Number         0  apm32f4xx_rcm_cfg.o ABSOLUTE
    ..\\..\\Source\\apm32f4xx_int.c          0x00000000   Number         0  apm32f4xx_int.o ABSOLUTE
    ..\\..\\Source\\main.c                   0x00000000   Number         0  main.o ABSOLUTE
    ..\\..\\Source\\system_apm32f4xx.c       0x00000000   Number         0  system_apm32f4xx.o ABSOLUTE
    dc.s                                     0x00000000   Number         0  dc.o ABSOLUTE
    handlers.s                               0x00000000   Number         0  handlers.o ABSOLUTE
    init.s                                   0x00000000   Number         0  init.o ABSOLUTE
    startup_apm32f407xx.s                    0x00000000   Number         0  startup_apm32f407xx.o ABSOLUTE
    RESET                                    0x08000000   Section      404  startup_apm32f407xx.o(RESET)
    .ARM.Collect$$$$00000000                 0x08000194   Section        0  entry.o(.ARM.Collect$$$$00000000)
    .ARM.Collect$$$$00000001                 0x08000194   Section        4  entry2.o(.ARM.Collect$$$$00000001)
    .ARM.Collect$$$$00000004                 0x08000198   Section        4  entry5.o(.ARM.Collect$$$$00000004)
    .ARM.Collect$$$$00000008                 0x0800019c   Section        0  entry7b.o(.ARM.Collect$$$$00000008)
    .ARM.Collect$$$$0000000A                 0x0800019c   Section        0  entry8b.o(.ARM.Collect$$$$0000000A)
    .ARM.Collect$$$$0000000B                 0x0800019c   Section        8  entry9a.o(.ARM.Collect$$$$0000000B)
    .ARM.Collect$$$$0000000E                 0x080001a4   Section        4  entry12b.o(.ARM.Collect$$$$0000000E)
    .ARM.Collect$$$$0000000F                 0x080001a8   Section        0  entry10a.o(.ARM.Collect$$$$0000000F)
    .ARM.Collect$$$$00000011                 0x080001a8   Section        0  entry11a.o(.ARM.Collect$$$$00000011)
    .ARM.Collect$$$$00002712                 0x080001a8   Section        4  entry2.o(.ARM.Collect$$$$00002712)
    __lit__00000000                          0x080001a8   Data           4  entry2.o(.ARM.Collect$$$$00002712)
    .text                                    0x080001ac   Section       36  startup_apm32f407xx.o(.text)
    $v0                                      0x080001ac   Number         0  startup_apm32f407xx.o(.text)
    .text                                    0x080001d0   Section        0  uldiv.o(.text)
    .text                                    0x08000232   Section        0  memseta.o(.text)
    .text                                    0x08000256   Section        0  llshl.o(.text)
    .text                                    0x08000274   Section        0  llushr.o(.text)
    .text                                    0x08000294   Section       36  init.o(.text)
    i.BusFault_Handler                       0x080002b8   Section        0  apm32f4xx_int.o(i.BusFault_Handler)
    i.DAL_Delay                              0x080002bc   Section        0  apm32f4xx_dal.o(i.DAL_Delay)
    i.DAL_DeviceConfig                       0x080002e4   Section        0  apm32f4xx_device_cfg.o(i.DAL_DeviceConfig)
    i.DAL_GPIO_Config                        0x080002fc   Section        0  apm32f4xx_gpio_cfg.o(i.DAL_GPIO_Config)
    i.DAL_GPIO_Init                          0x08000330   Section        0  apm32f4xx_dal_gpio.o(i.DAL_GPIO_Init)
    i.DAL_GPIO_TogglePin                     0x08000524   Section        0  apm32f4xx_dal_gpio.o(i.DAL_GPIO_TogglePin)
    i.DAL_GPIO_WritePin                      0x08000538   Section        0  apm32f4xx_dal_gpio.o(i.DAL_GPIO_WritePin)
    i.DAL_GetTick                            0x08000544   Section        0  apm32f4xx_dal.o(i.DAL_GetTick)
    i.DAL_IncTick                            0x08000550   Section        0  apm32f4xx_dal.o(i.DAL_IncTick)
    i.DAL_Init                               0x08000568   Section        0  apm32f4xx_dal.o(i.DAL_Init)
    i.DAL_InitTick                           0x080005a4   Section        0  apm32f4xx_dal.o(i.DAL_InitTick)
    i.DAL_MspInit                            0x080005f0   Section        0  apm32f4xx_dal.o(i.DAL_MspInit)
    i.DAL_NVIC_Config                        0x080005f2   Section        0  apm32f4xx_nvic_cfg.o(i.DAL_NVIC_Config)
    i.DAL_NVIC_SetPriority                   0x080005fc   Section        0  apm32f4xx_dal_cortex.o(i.DAL_NVIC_SetPriority)
    i.DAL_NVIC_SetPriorityGrouping           0x08000678   Section        0  apm32f4xx_dal_cortex.o(i.DAL_NVIC_SetPriorityGrouping)
    i.DAL_RCM_ClockConfig                    0x080006a0   Section        0  apm32f4xx_dal_rcm.o(i.DAL_RCM_ClockConfig)
    i.DAL_RCM_GetSysClockFreq                0x08000820   Section        0  apm32f4xx_dal_rcm.o(i.DAL_RCM_GetSysClockFreq)
    i.DAL_RCM_OscConfig                      0x080008d0   Section        0  apm32f4xx_dal_rcm.o(i.DAL_RCM_OscConfig)
    i.DAL_RCM_PeripheralClkConfig            0x08000d6c   Section        0  apm32f4xx_rcm_cfg.o(i.DAL_RCM_PeripheralClkConfig)
    i.DAL_SYSTICK_Config                     0x08000d94   Section        0  apm32f4xx_dal_cortex.o(i.DAL_SYSTICK_Config)
    i.DAL_SysClkConfig                       0x08000dc8   Section        0  apm32f4xx_device_cfg.o(i.DAL_SysClkConfig)
    i.DebugMon_Handler                       0x08000e7c   Section        0  apm32f4xx_int.o(i.DebugMon_Handler)
    i.Error_Handler                          0x08000e7e   Section        0  apm32f4xx_device_cfg.o(i.Error_Handler)
    i.HardFault_Handler                      0x08000e84   Section        0  apm32f4xx_int.o(i.HardFault_Handler)
    i.MemManage_Handler                      0x08000e88   Section        0  apm32f4xx_int.o(i.MemManage_Handler)
    i.NMI_Handler                            0x08000e8c   Section        0  apm32f4xx_int.o(i.NMI_Handler)
    i.PendSV_Handler                         0x08000e8e   Section        0  apm32f4xx_int.o(i.PendSV_Handler)
    i.SVC_Handler                            0x08000e90   Section        0  apm32f4xx_int.o(i.SVC_Handler)
    i.SysTick_Handler                        0x08000e92   Section        0  apm32f4xx_int.o(i.SysTick_Handler)
    i.SystemInit                             0x08000e9c   Section        0  system_apm32f4xx.o(i.SystemInit)
    i.UsageFault_Handler                     0x08000f34   Section        0  apm32f4xx_int.o(i.UsageFault_Handler)
    i.__NVIC_GetPriorityGrouping             0x08000f38   Section        0  apm32f4xx_dal_cortex.o(i.__NVIC_GetPriorityGrouping)
    __NVIC_GetPriorityGrouping               0x08000f39   Thumb Code    10  apm32f4xx_dal_cortex.o(i.__NVIC_GetPriorityGrouping)
    i.__NVIC_SetPriority                     0x08000f48   Section        0  apm32f4xx_dal_cortex.o(i.__NVIC_SetPriority)
    __NVIC_SetPriority                       0x08000f49   Thumb Code    32  apm32f4xx_dal_cortex.o(i.__NVIC_SetPriority)
    i.__scatterload_copy                     0x08000f70   Section       14  handlers.o(i.__scatterload_copy)
    i.__scatterload_null                     0x08000f7e   Section        2  handlers.o(i.__scatterload_null)
    i.__scatterload_zeroinit                 0x08000f80   Section       14  handlers.o(i.__scatterload_zeroinit)
    i.main                                   0x08000f90   Section        0  main.o(i.main)
    .constdata                               0x08000fac   Section       24  system_apm32f4xx.o(.constdata)
    .data                                    0x20000000   Section        4  system_apm32f4xx.o(.data)
    .data                                    0x20000004   Section        9  apm32f4xx_dal.o(.data)
    STACK                                    0x20000010   Section     1024  startup_apm32f407xx.o(STACK)

    Global Symbols

    Symbol Name                              Value     Ov Type        Size  Object(Section)

    BuildAttributes$$THM_ISAv4$E$P$D$K$B$S$7EM$VFPi3$EXTD16$VFPS$VFMA$PE$A:L22UL41UL21$X:L11$S22US41US21$IEEE1$IW$USESV6$~STKCKD$USESV7$~SHL$OSPACE$EBA8$MICROLIB$REQ8$PRES8$EABIv2 0x00000000   Number         0  anon$$obj.o ABSOLUTE
    __ARM_use_no_argv                        0x00000000   Number         0  main.o ABSOLUTE
    __arm_fini_                               - Undefined Weak Reference
    __cpp_initialize__aeabi_                  - Undefined Weak Reference
    __cxa_finalize                            - Undefined Weak Reference
    __decompress                              - Undefined Weak Reference
    _clock_init                               - Undefined Weak Reference
    _microlib_exit                            - Undefined Weak Reference
    __Vectors_Size                           0x00000194   Number         0  startup_apm32f407xx.o ABSOLUTE
    __Vectors                                0x08000000   Data           4  startup_apm32f407xx.o(RESET)
    __Vectors_End                            0x08000194   Data           0  startup_apm32f407xx.o(RESET)
    __main                                   0x08000195   Thumb Code     0  entry.o(.ARM.Collect$$$$00000000)
    _main_stk                                0x08000195   Thumb Code     0  entry2.o(.ARM.Collect$$$$00000001)
    _main_scatterload                        0x08000199   Thumb Code     0  entry5.o(.ARM.Collect$$$$00000004)
    __main_after_scatterload                 0x0800019d   Thumb Code     0  entry5.o(.ARM.Collect$$$$00000004)
    _main_clock                              0x0800019d   Thumb Code     0  entry7b.o(.ARM.Collect$$$$00000008)
    _main_cpp_init                           0x0800019d   Thumb Code     0  entry8b.o(.ARM.Collect$$$$0000000A)
    _main_init                               0x0800019d   Thumb Code     0  entry9a.o(.ARM.Collect$$$$0000000B)
    __rt_lib_shutdown_fini                   0x080001a5   Thumb Code     0  entry12b.o(.ARM.Collect$$$$0000000E)
    __rt_final_cpp                           0x080001a9   Thumb Code     0  entry10a.o(.ARM.Collect$$$$0000000F)
    __rt_final_exit                          0x080001a9   Thumb Code     0  entry11a.o(.ARM.Collect$$$$00000011)
    Reset_Handler                            0x080001ad   Thumb Code     8  startup_apm32f407xx.o(.text)
    ADC_IRQHandler                           0x080001c7   Thumb Code     0  startup_apm32f407xx.o(.text)
    BN_IRQHandler                            0x080001c7   Thumb Code     0  startup_apm32f407xx.o(.text)
    CAN1_RX0_IRQHandler                      0x080001c7   Thumb Code     0  startup_apm32f407xx.o(.text)
    CAN1_RX1_IRQHandler                      0x080001c7   Thumb Code     0  startup_apm32f407xx.o(.text)
    CAN1_SCE_IRQHandler                      0x080001c7   Thumb Code     0  startup_apm32f407xx.o(.text)
    CAN1_TX_IRQHandler                       0x080001c7   Thumb Code     0  startup_apm32f407xx.o(.text)
    CAN2_RX0_IRQHandler                      0x080001c7   Thumb Code     0  startup_apm32f407xx.o(.text)
    CAN2_RX1_IRQHandler                      0x080001c7   Thumb Code     0  startup_apm32f407xx.o(.text)
    CAN2_SCE_IRQHandler                      0x080001c7   Thumb Code     0  startup_apm32f407xx.o(.text)
    CAN2_TX_IRQHandler                       0x080001c7   Thumb Code     0  startup_apm32f407xx.o(.text)
    DCI_IRQHandler                           0x080001c7   Thumb Code     0  startup_apm32f407xx.o(.text)
    DMA1_STR0_IRQHandler                     0x080001c7   Thumb Code     0  startup_apm32f407xx.o(.text)
    DMA1_STR1_IRQHandler                     0x080001c7   Thumb Code     0  startup_apm32f407xx.o(.text)
    DMA1_STR2_IRQHandler                     0x080001c7   Thumb Code     0  startup_apm32f407xx.o(.text)
    DMA1_STR3_IRQHandler                     0x080001c7   Thumb Code     0  startup_apm32f407xx.o(.text)
    DMA1_STR4_IRQHandler                     0x080001c7   Thumb Code     0  startup_apm32f407xx.o(.text)
    DMA1_STR5_IRQHandler                     0x080001c7   Thumb Code     0  startup_apm32f407xx.o(.text)
    DMA1_STR6_IRQHandler                     0x080001c7   Thumb Code     0  startup_apm32f407xx.o(.text)
    DMA1_STR7_IRQHandler                     0x080001c7   Thumb Code     0  startup_apm32f407xx.o(.text)
    DMA2_STR0_IRQHandler                     0x080001c7   Thumb Code     0  startup_apm32f407xx.o(.text)
    DMA2_STR1_IRQHandler                     0x080001c7   Thumb Code     0  startup_apm32f407xx.o(.text)
    DMA2_STR2_IRQHandler                     0x080001c7   Thumb Code     0  startup_apm32f407xx.o(.text)
    DMA2_STR3_IRQHandler                     0x080001c7   Thumb Code     0  startup_apm32f407xx.o(.text)
    DMA2_STR4_IRQHandler                     0x080001c7   Thumb Code     0  startup_apm32f407xx.o(.text)
    DMA2_STR5_IRQHandler                     0x080001c7   Thumb Code     0  startup_apm32f407xx.o(.text)
    DMA2_STR6_IRQHandler                     0x080001c7   Thumb Code     0  startup_apm32f407xx.o(.text)
    DMA2_STR7_IRQHandler                     0x080001c7   Thumb Code     0  startup_apm32f407xx.o(.text)
    EINT0_IRQHandler                         0x080001c7   Thumb Code     0  startup_apm32f407xx.o(.text)
    EINT15_10_IRQHandler                     0x080001c7   Thumb Code     0  startup_apm32f407xx.o(.text)
    EINT1_IRQHandler                         0x080001c7   Thumb Code     0  startup_apm32f407xx.o(.text)
    EINT2_IRQHandler                         0x080001c7   Thumb Code     0  startup_apm32f407xx.o(.text)
    EINT3_IRQHandler                         0x080001c7   Thumb Code     0  startup_apm32f407xx.o(.text)
    EINT4_IRQHandler                         0x080001c7   Thumb Code     0  startup_apm32f407xx.o(.text)
    EINT9_5_IRQHandler                       0x080001c7   Thumb Code     0  startup_apm32f407xx.o(.text)
    EMMC_IRQHandler                          0x080001c7   Thumb Code     0  startup_apm32f407xx.o(.text)
    ETH_IRQHandler                           0x080001c7   Thumb Code     0  startup_apm32f407xx.o(.text)
    ETH_WKUP_IRQHandler                      0x080001c7   Thumb Code     0  startup_apm32f407xx.o(.text)
    FLASH_IRQHandler                         0x080001c7   Thumb Code     0  startup_apm32f407xx.o(.text)
    FPU_IRQHandler                           0x080001c7   Thumb Code     0  startup_apm32f407xx.o(.text)
    HASH_RNG_IRQHandler                      0x080001c7   Thumb Code     0  startup_apm32f407xx.o(.text)
    I2C1_ER_IRQHandler                       0x080001c7   Thumb Code     0  startup_apm32f407xx.o(.text)
    I2C1_EV_IRQHandler                       0x080001c7   Thumb Code     0  startup_apm32f407xx.o(.text)
    I2C2_ER_IRQHandler                       0x080001c7   Thumb Code     0  startup_apm32f407xx.o(.text)
    I2C2_EV_IRQHandler                       0x080001c7   Thumb Code     0  startup_apm32f407xx.o(.text)
    I2C3_ER_IRQHandler                       0x080001c7   Thumb Code     0  startup_apm32f407xx.o(.text)
    I2C3_EV_IRQHandler                       0x080001c7   Thumb Code     0  startup_apm32f407xx.o(.text)
    OTG_FS_IRQHandler                        0x080001c7   Thumb Code     0  startup_apm32f407xx.o(.text)
    OTG_FS_WKUP_IRQHandler                   0x080001c7   Thumb Code     0  startup_apm32f407xx.o(.text)
    OTG_HS1_EP1_IN_IRQHandler                0x080001c7   Thumb Code     0  startup_apm32f407xx.o(.text)
    OTG_HS1_EP1_OUT_IRQHandler               0x080001c7   Thumb Code     0  startup_apm32f407xx.o(.text)
    OTG_HS1_IRQHandler                       0x080001c7   Thumb Code     0  startup_apm32f407xx.o(.text)
    OTG_HS1_WKUP_IRQHandler                  0x080001c7   Thumb Code     0  startup_apm32f407xx.o(.text)
    PVD_IRQHandler                           0x080001c7   Thumb Code     0  startup_apm32f407xx.o(.text)
    RCM_IRQHandler                           0x080001c7   Thumb Code     0  startup_apm32f407xx.o(.text)
    RTC_Alarm_IRQHandler                     0x080001c7   Thumb Code     0  startup_apm32f407xx.o(.text)
    RTC_WKUP_IRQHandler                      0x080001c7   Thumb Code     0  startup_apm32f407xx.o(.text)
    SDIO_IRQHandler                          0x080001c7   Thumb Code     0  startup_apm32f407xx.o(.text)
    SM3_IRQHandler                           0x080001c7   Thumb Code     0  startup_apm32f407xx.o(.text)
    SM4_IRQHandler                           0x080001c7   Thumb Code     0  startup_apm32f407xx.o(.text)
    SPI1_IRQHandler                          0x080001c7   Thumb Code     0  startup_apm32f407xx.o(.text)
    SPI2_IRQHandler                          0x080001c7   Thumb Code     0  startup_apm32f407xx.o(.text)
    SPI3_IRQHandler                          0x080001c7   Thumb Code     0  startup_apm32f407xx.o(.text)
    TAMP_STAMP_IRQHandler                    0x080001c7   Thumb Code     0  startup_apm32f407xx.o(.text)
    TMR1_BRK_TMR9_IRQHandler                 0x080001c7   Thumb Code     0  startup_apm32f407xx.o(.text)
    TMR1_CC_IRQHandler                       0x080001c7   Thumb Code     0  startup_apm32f407xx.o(.text)
    TMR1_TRG_COM_TMR11_IRQHandler            0x080001c7   Thumb Code     0  startup_apm32f407xx.o(.text)
    TMR1_UP_TMR10_IRQHandler                 0x080001c7   Thumb Code     0  startup_apm32f407xx.o(.text)
    TMR2_IRQHandler                          0x080001c7   Thumb Code     0  startup_apm32f407xx.o(.text)
    TMR3_IRQHandler                          0x080001c7   Thumb Code     0  startup_apm32f407xx.o(.text)
    TMR4_IRQHandler                          0x080001c7   Thumb Code     0  startup_apm32f407xx.o(.text)
    TMR5_IRQHandler                          0x080001c7   Thumb Code     0  startup_apm32f407xx.o(.text)
    TMR6_DAC_IRQHandler                      0x080001c7   Thumb Code     0  startup_apm32f407xx.o(.text)
    TMR7_IRQHandler                          0x080001c7   Thumb Code     0  startup_apm32f407xx.o(.text)
    TMR8_BRK_TMR12_IRQHandler                0x080001c7   Thumb Code     0  startup_apm32f407xx.o(.text)
    TMR8_CC_IRQHandler                       0x080001c7   Thumb Code     0  startup_apm32f407xx.o(.text)
    TMR8_TRG_COM_TMR14_IRQHandler            0x080001c7   Thumb Code     0  startup_apm32f407xx.o(.text)
    TMR8_UP_TMR13_IRQHandler                 0x080001c7   Thumb Code     0  startup_apm32f407xx.o(.text)
    UART4_IRQHandler                         0x080001c7   Thumb Code     0  startup_apm32f407xx.o(.text)
    UART5_IRQHandler                         0x080001c7   Thumb Code     0  startup_apm32f407xx.o(.text)
    USART1_IRQHandler                        0x080001c7   Thumb Code     0  startup_apm32f407xx.o(.text)
    USART2_IRQHandler                        0x080001c7   Thumb Code     0  startup_apm32f407xx.o(.text)
    USART3_IRQHandler                        0x080001c7   Thumb Code     0  startup_apm32f407xx.o(.text)
    USART6_IRQHandler                        0x080001c7   Thumb Code     0  startup_apm32f407xx.o(.text)
    WWDT_IRQHandler                          0x080001c7   Thumb Code     0  startup_apm32f407xx.o(.text)
    __aeabi_uldivmod                         0x080001d1   Thumb Code    98  uldiv.o(.text)
    __aeabi_memset                           0x08000233   Thumb Code    14  memseta.o(.text)
    __aeabi_memset4                          0x08000233   Thumb Code     0  memseta.o(.text)
    __aeabi_memset8                          0x08000233   Thumb Code     0  memseta.o(.text)
    __aeabi_memclr                           0x08000241   Thumb Code     4  memseta.o(.text)
    __aeabi_memclr4                          0x08000241   Thumb Code     0  memseta.o(.text)
    __aeabi_memclr8                          0x08000241   Thumb Code     0  memseta.o(.text)
    _memset$wrapper                          0x08000245   Thumb Code    18  memseta.o(.text)
    __aeabi_llsl                             0x08000257   Thumb Code    30  llshl.o(.text)
    _ll_shift_l                              0x08000257   Thumb Code     0  llshl.o(.text)
    __aeabi_llsr                             0x08000275   Thumb Code    32  llushr.o(.text)
    _ll_ushift_r                             0x08000275   Thumb Code     0  llushr.o(.text)
    __scatterload                            0x08000295   Thumb Code    28  init.o(.text)
    __scatterload_rt2                        0x08000295   Thumb Code     0  init.o(.text)
    BusFault_Handler                         0x080002b9   Thumb Code     4  apm32f4xx_int.o(i.BusFault_Handler)
    DAL_Delay                                0x080002bd   Thumb Code    36  apm32f4xx_dal.o(i.DAL_Delay)
    DAL_DeviceConfig                         0x080002e5   Thumb Code    24  apm32f4xx_device_cfg.o(i.DAL_DeviceConfig)
    DAL_GPIO_Config                          0x080002fd   Thumb Code    48  apm32f4xx_gpio_cfg.o(i.DAL_GPIO_Config)
    DAL_GPIO_Init                            0x08000331   Thumb Code   454  apm32f4xx_dal_gpio.o(i.DAL_GPIO_Init)
    DAL_GPIO_TogglePin                       0x08000525   Thumb Code    20  apm32f4xx_dal_gpio.o(i.DAL_GPIO_TogglePin)
    DAL_GPIO_WritePin                        0x08000539   Thumb Code    12  apm32f4xx_dal_gpio.o(i.DAL_GPIO_WritePin)
    DAL_GetTick                              0x08000545   Thumb Code     6  apm32f4xx_dal.o(i.DAL_GetTick)
    DAL_IncTick                              0x08000551   Thumb Code    16  apm32f4xx_dal.o(i.DAL_IncTick)
    DAL_Init                                 0x08000569   Thumb Code    54  apm32f4xx_dal.o(i.DAL_Init)
    DAL_InitTick                             0x080005a5   Thumb Code    64  apm32f4xx_dal.o(i.DAL_InitTick)
    DAL_MspInit                              0x080005f1   Thumb Code     2  apm32f4xx_dal.o(i.DAL_MspInit)
    DAL_NVIC_Config                          0x080005f3   Thumb Code    10  apm32f4xx_nvic_cfg.o(i.DAL_NVIC_Config)
    DAL_NVIC_SetPriority                     0x080005fd   Thumb Code   124  apm32f4xx_dal_cortex.o(i.DAL_NVIC_SetPriority)
    DAL_NVIC_SetPriorityGrouping             0x08000679   Thumb Code    32  apm32f4xx_dal_cortex.o(i.DAL_NVIC_SetPriorityGrouping)
    DAL_RCM_ClockConfig                      0x080006a1   Thumb Code   362  apm32f4xx_dal_rcm.o(i.DAL_RCM_ClockConfig)
    DAL_RCM_GetSysClockFreq                  0x08000821   Thumb Code   162  apm32f4xx_dal_rcm.o(i.DAL_RCM_GetSysClockFreq)
    DAL_RCM_OscConfig                        0x080008d1   Thumb Code  1172  apm32f4xx_dal_rcm.o(i.DAL_RCM_OscConfig)
    DAL_RCM_PeripheralClkConfig              0x08000d6d   Thumb Code    36  apm32f4xx_rcm_cfg.o(i.DAL_RCM_PeripheralClkConfig)
    DAL_SYSTICK_Config                       0x08000d95   Thumb Code    52  apm32f4xx_dal_cortex.o(i.DAL_SYSTICK_Config)
    DAL_SysClkConfig                         0x08000dc9   Thumb Code   172  apm32f4xx_device_cfg.o(i.DAL_SysClkConfig)
    DebugMon_Handler                         0x08000e7d   Thumb Code     2  apm32f4xx_int.o(i.DebugMon_Handler)
    Error_Handler                            0x08000e7f   Thumb Code     6  apm32f4xx_device_cfg.o(i.Error_Handler)
    HardFault_Handler                        0x08000e85   Thumb Code     4  apm32f4xx_int.o(i.HardFault_Handler)
    MemManage_Handler                        0x08000e89   Thumb Code     4  apm32f4xx_int.o(i.MemManage_Handler)
    NMI_Handler                              0x08000e8d   Thumb Code     2  apm32f4xx_int.o(i.NMI_Handler)
    PendSV_Handler                           0x08000e8f   Thumb Code     2  apm32f4xx_int.o(i.PendSV_Handler)
    SVC_Handler                              0x08000e91   Thumb Code     2  apm32f4xx_int.o(i.SVC_Handler)
    SysTick_Handler                          0x08000e93   Thumb Code     8  apm32f4xx_int.o(i.SysTick_Handler)
    SystemInit                               0x08000e9d   Thumb Code   126  system_apm32f4xx.o(i.SystemInit)
    UsageFault_Handler                       0x08000f35   Thumb Code     4  apm32f4xx_int.o(i.UsageFault_Handler)
    __scatterload_copy                       0x08000f71   Thumb Code    14  handlers.o(i.__scatterload_copy)
    __scatterload_null                       0x08000f7f   Thumb Code     2  handlers.o(i.__scatterload_null)
    __scatterload_zeroinit                   0x08000f81   Thumb Code    14  handlers.o(i.__scatterload_zeroinit)
    main                                     0x08000f91   Thumb Code    22  main.o(i.main)
    AHBPrescTable                            0x08000fac   Data          16  system_apm32f4xx.o(.constdata)
    APBPrescTable                            0x08000fbc   Data           8  system_apm32f4xx.o(.constdata)
    Region$$Table$$Base                      0x08000fc4   Number         0  anon$$obj.o(Region$$Table)
    Region$$Table$$Limit                     0x08000fe4   Number         0  anon$$obj.o(Region$$Table)
    SystemCoreClock                          0x20000000   Data           4  system_apm32f4xx.o(.data)
    uwTick                                   0x20000004   Data           4  apm32f4xx_dal.o(.data)
    uwTickPrio                               0x20000008   Data           4  apm32f4xx_dal.o(.data)
    uwTickFreq                               0x2000000c   Data           1  apm32f4xx_dal.o(.data)
    __initial_sp                             0x20000410   Data           0  startup_apm32f407xx.o(STACK)



==============================================================================

Memory Map of the image

  Image Entry point : 0x08000195

  Load Region LR_IROM1 (Base: 0x08000000, Size: 0x00000ff4, Max: 0x00100000, ABSOLUTE)

    Execution Region ER_IROM1 (Exec base: 0x08000000, Load base: 0x08000000, Size: 0x00000fe4, Max: 0x00100000, ABSOLUTE)

    Exec Addr    Load Addr    Size         Type   Attr      Idx    E Section Name        Object

    0x08000000   0x08000000   0x00000194   Data   RO          120    RESET               startup_apm32f407xx.o
    0x08000194   0x08000194   0x00000000   Code   RO         1522  * .ARM.Collect$$$$00000000  mc_w.l(entry.o)
    0x08000194   0x08000194   0x00000004   Code   RO         1529    .ARM.Collect$$$$00000001  mc_w.l(entry2.o)
    0x08000198   0x08000198   0x00000004   Code   RO         1532    .ARM.Collect$$$$00000004  mc_w.l(entry5.o)
    0x0800019c   0x0800019c   0x00000000   Code   RO         1534    .ARM.Collect$$$$00000008  mc_w.l(entry7b.o)
    0x0800019c   0x0800019c   0x00000000   Code   RO         1536    .ARM.Collect$$$$0000000A  mc_w.l(entry8b.o)
    0x0800019c   0x0800019c   0x00000008   Code   RO         1537    .ARM.Collect$$$$0000000B  mc_w.l(entry9a.o)
    0x080001a4   0x080001a4   0x00000004   Code   RO         1544    .ARM.Collect$$$$0000000E  mc_w.l(entry12b.o)
    0x080001a8   0x080001a8   0x00000000   Code   RO         1539    .ARM.Collect$$$$0000000F  mc_w.l(entry10a.o)
    0x080001a8   0x080001a8   0x00000000   Code   RO         1541    .ARM.Collect$$$$00000011  mc_w.l(entry11a.o)
    0x080001a8   0x080001a8   0x00000004   Code   RO         1530    .ARM.Collect$$$$00002712  mc_w.l(entry2.o)
    0x080001ac   0x080001ac   0x00000024   Code   RO          121    .text               startup_apm32f407xx.o
    0x080001d0   0x080001d0   0x00000062   Code   RO         1525    .text               mc_w.l(uldiv.o)
    0x08000232   0x08000232   0x00000024   Code   RO         1527    .text               mc_w.l(memseta.o)
    0x08000256   0x08000256   0x0000001e   Code   RO         1545    .text               mc_w.l(llshl.o)
    0x08000274   0x08000274   0x00000020   Code   RO         1547    .text               mc_w.l(llushr.o)
    0x08000294   0x08000294   0x00000024   Code   RO         1549    .text               mc_w.l(init.o)
    0x080002b8   0x080002b8   0x00000004   Code   RO         1423    i.BusFault_Handler  apm32f4xx_int.o
    0x080002bc   0x080002bc   0x00000028   Code   RO          135    i.DAL_Delay         apm32f4xx_dal.o
    0x080002e4   0x080002e4   0x00000018   Code   RO         1303    i.DAL_DeviceConfig  apm32f4xx_device_cfg.o
    0x080002fc   0x080002fc   0x00000034   Code   RO         1375    i.DAL_GPIO_Config   apm32f4xx_gpio_cfg.o
    0x08000330   0x08000330   0x000001f4   Code   RO          849    i.DAL_GPIO_Init     apm32f4xx_dal_gpio.o
    0x08000524   0x08000524   0x00000014   Code   RO          852    i.DAL_GPIO_TogglePin  apm32f4xx_dal_gpio.o
    0x08000538   0x08000538   0x0000000c   Code   RO          853    i.DAL_GPIO_WritePin  apm32f4xx_dal_gpio.o
    0x08000544   0x08000544   0x0000000c   Code   RO          141    i.DAL_GetTick       apm32f4xx_dal.o
    0x08000550   0x08000550   0x00000018   Code   RO          147    i.DAL_IncTick       apm32f4xx_dal.o
    0x08000568   0x08000568   0x0000003c   Code   RO          148    i.DAL_Init          apm32f4xx_dal.o
    0x080005a4   0x080005a4   0x0000004c   Code   RO          149    i.DAL_InitTick      apm32f4xx_dal.o
    0x080005f0   0x080005f0   0x00000002   Code   RO          151    i.DAL_MspInit       apm32f4xx_dal.o
    0x080005f2   0x080005f2   0x0000000a   Code   RO         1399    i.DAL_NVIC_Config   apm32f4xx_nvic_cfg.o
    0x080005fc   0x080005fc   0x0000007c   Code   RO          329    i.DAL_NVIC_SetPriority  apm32f4xx_dal_cortex.o
    0x08000678   0x08000678   0x00000028   Code   RO          330    i.DAL_NVIC_SetPriorityGrouping  apm32f4xx_dal_cortex.o
    0x080006a0   0x080006a0   0x00000180   Code   RO         1087    i.DAL_RCM_ClockConfig  apm32f4xx_dal_rcm.o
    0x08000820   0x08000820   0x000000b0   Code   RO         1096    i.DAL_RCM_GetSysClockFreq  apm32f4xx_dal_rcm.o
    0x080008d0   0x080008d0   0x0000049c   Code   RO         1099    i.DAL_RCM_OscConfig  apm32f4xx_dal_rcm.o
    0x08000d6c   0x08000d6c   0x00000028   Code   RO         1351    i.DAL_RCM_PeripheralClkConfig  apm32f4xx_rcm_cfg.o
    0x08000d94   0x08000d94   0x00000034   Code   RO          334    i.DAL_SYSTICK_Config  apm32f4xx_dal_cortex.o
    0x08000dc8   0x08000dc8   0x000000b4   Code   RO         1304    i.DAL_SysClkConfig  apm32f4xx_device_cfg.o
    0x08000e7c   0x08000e7c   0x00000002   Code   RO         1424    i.DebugMon_Handler  apm32f4xx_int.o
    0x08000e7e   0x08000e7e   0x00000006   Code   RO         1305    i.Error_Handler     apm32f4xx_device_cfg.o
    0x08000e84   0x08000e84   0x00000004   Code   RO         1425    i.HardFault_Handler  apm32f4xx_int.o
    0x08000e88   0x08000e88   0x00000004   Code   RO         1426    i.MemManage_Handler  apm32f4xx_int.o
    0x08000e8c   0x08000e8c   0x00000002   Code   RO         1427    i.NMI_Handler       apm32f4xx_int.o
    0x08000e8e   0x08000e8e   0x00000002   Code   RO         1428    i.PendSV_Handler    apm32f4xx_int.o
    0x08000e90   0x08000e90   0x00000002   Code   RO         1429    i.SVC_Handler       apm32f4xx_int.o
    0x08000e92   0x08000e92   0x00000008   Code   RO         1430    i.SysTick_Handler   apm32f4xx_int.o
    0x08000e9a   0x08000e9a   0x00000002   PAD
    0x08000e9c   0x08000e9c   0x00000098   Code   RO            5    i.SystemInit        system_apm32f4xx.o
    0x08000f34   0x08000f34   0x00000004   Code   RO         1431    i.UsageFault_Handler  apm32f4xx_int.o
    0x08000f38   0x08000f38   0x00000010   Code   RO          336    i.__NVIC_GetPriorityGrouping  apm32f4xx_dal_cortex.o
    0x08000f48   0x08000f48   0x00000028   Code   RO          337    i.__NVIC_SetPriority  apm32f4xx_dal_cortex.o
    0x08000f70   0x08000f70   0x0000000e   Code   RO         1553    i.__scatterload_copy  mc_w.l(handlers.o)
    0x08000f7e   0x08000f7e   0x00000002   Code   RO         1554    i.__scatterload_null  mc_w.l(handlers.o)
    0x08000f80   0x08000f80   0x0000000e   Code   RO         1555    i.__scatterload_zeroinit  mc_w.l(handlers.o)
    0x08000f8e   0x08000f8e   0x00000002   PAD
    0x08000f90   0x08000f90   0x0000001c   Code   RO         1501    i.main              main.o
    0x08000fac   0x08000fac   0x00000018   Data   RO            6    .constdata          system_apm32f4xx.o
    0x08000fc4   0x08000fc4   0x00000020   Data   RO         1551    Region$$Table       anon$$obj.o


    Execution Region RW_IRAM1 (Exec base: 0x20000000, Load base: 0x08000fe4, Size: 0x00000410, Max: 0x00020000, ABSOLUTE)

    Exec Addr    Load Addr    Size         Type   Attr      Idx    E Section Name        Object

    0x20000000   0x08000fe4   0x00000004   Data   RW            7    .data               system_apm32f4xx.o
    0x20000004   0x08000fe8   0x00000009   Data   RW          155    .data               apm32f4xx_dal.o
    0x2000000d   0x08000ff1   0x00000003   PAD
    0x20000010        -       0x00000400   Zero   RW          118    STACK               startup_apm32f407xx.o


==============================================================================

Image component sizes


      Code (inc. data)   RO Data    RW Data    ZI Data      Debug   Object Name

       214         36          0          9          0      10351   apm32f4xx_dal.o
       272         22          0          0          0      34338   apm32f4xx_dal_cortex.o
       532         46          0          0          0       3677   apm32f4xx_dal_gpio.o
      1740         60          0          0          0       4480   apm32f4xx_dal_rcm.o
       210          8          0          0          0       2554   apm32f4xx_device_cfg.o
        52          4          0          0          0        670   apm32f4xx_gpio_cfg.o
        32          0          0          0          0       4882   apm32f4xx_int.o
        10          0          0          0          0        590   apm32f4xx_nvic_cfg.o
        40          4          0          0          0       1162   apm32f4xx_rcm_cfg.o
        28          6          0          0          0        547   main.o
        36          8        404          0       1024        876   startup_apm32f407xx.o
       152         26         24          4          0     704691   system_apm32f4xx.o

    ----------------------------------------------------------------------
      3320        220        460         16       1024     768818   Object Totals
         0          0         32          0          0          0   (incl. Generated)
         2          0          0          3          0          0   (incl. Padding)

    ----------------------------------------------------------------------

      Code (inc. data)   RO Data    RW Data    ZI Data      Debug   Library Member Name

         0          0          0          0          0          0   entry.o
         0          0          0          0          0          0   entry10a.o
         0          0          0          0          0          0   entry11a.o
         4          0          0          0          0          0   entry12b.o
         8          4          0          0          0          0   entry2.o
         4          0          0          0          0          0   entry5.o
         0          0          0          0          0          0   entry7b.o
         0          0          0          0          0          0   entry8b.o
         8          4          0          0          0          0   entry9a.o
        30          0          0          0          0          0   handlers.o
        36          8          0          0          0         68   init.o
        30          0          0          0          0         68   llshl.o
        32          0          0          0          0         68   llushr.o
        36          0          0          0          0        108   memseta.o
        98          0          0          0          0         92   uldiv.o

    ----------------------------------------------------------------------
       288         16          0          0          0        404   Library Totals
         2          0          0          0          0          0   (incl. Padding)

    ----------------------------------------------------------------------

      Code (inc. data)   RO Data    RW Data    ZI Data      Debug   Library Name

       286         16          0          0          0        404   mc_w.l

    ----------------------------------------------------------------------
       288         16          0          0          0        404   Library Totals

    ----------------------------------------------------------------------

==============================================================================


      Code (inc. data)   RO Data    RW Data    ZI Data      Debug   

      3608        236        460         16       1024     766422   Grand Totals
      3608        236        460         16       1024     766422   ELF Image Totals
      3608        236        460         16          0          0   ROM Totals

==============================================================================

    Total RO  Size (Code + RO Data)                 4068 (   3.97kB)
    Total RW  Size (RW Data + ZI Data)              1040 (   1.02kB)
    Total ROM Size (Code + RO Data + RW Data)       4084 (   3.99kB)

==============================================================================

